Archive member included because of file (symbol)

f:/embedded system/nti/imt_sdk_win_64/imt_sdk_win_64/winavr/bin/../lib/gcc/avr/4.3.3/avr5\libgcc.a(_mulsi3.o)
                              ./LCD_prog.o (__mulsi3)
f:/embedded system/nti/imt_sdk_win_64/imt_sdk_win_64/winavr/bin/../lib/gcc/avr/4.3.3/avr5\libgcc.a(_udivmodsi4.o)
                              ./LCD_prog.o (__udivmodsi4)
f:/embedded system/nti/imt_sdk_win_64/imt_sdk_win_64/winavr/bin/../lib/gcc/avr/4.3.3/avr5\libgcc.a(_divmodsi4.o)
                              ./LCD_prog.o (__divmodsi4)
f:/embedded system/nti/imt_sdk_win_64/imt_sdk_win_64/winavr/bin/../lib/gcc/avr/4.3.3/avr5\libgcc.a(_exit.o)
                              f:/embedded system/nti/imt_sdk_win_64/imt_sdk_win_64/winavr/bin/../lib/gcc/avr/4.3.3/../../../../avr/lib/avr5/crtm32.o (exit)
f:/embedded system/nti/imt_sdk_win_64/imt_sdk_win_64/winavr/bin/../lib/gcc/avr/4.3.3/avr5\libgcc.a(_copy_data.o)
                              ./main.o (__do_copy_data)
f:/embedded system/nti/imt_sdk_win_64/imt_sdk_win_64/winavr/bin/../lib/gcc/avr/4.3.3/avr5\libgcc.a(_clear_bss.o)
                              ./ADC_Prog.o (__do_clear_bss)
f:/embedded system/nti/imt_sdk_win_64/imt_sdk_win_64/winavr/bin/../lib/gcc/avr/4.3.3/avr5\libgcc.a(_fixunssfsi.o)
                              ./EEPROM_program.o (__fixunssfsi)
f:/embedded system/nti/imt_sdk_win_64/imt_sdk_win_64/winavr/bin/../lib/gcc/avr/4.3.3/avr5\libgcc.a(_addsub_sf.o)
                              ./LCD_prog.o (__subsf3)
f:/embedded system/nti/imt_sdk_win_64/imt_sdk_win_64/winavr/bin/../lib/gcc/avr/4.3.3/avr5\libgcc.a(_mul_sf.o)
                              ./EEPROM_program.o (__mulsf3)
f:/embedded system/nti/imt_sdk_win_64/imt_sdk_win_64/winavr/bin/../lib/gcc/avr/4.3.3/avr5\libgcc.a(_div_sf.o)
                              ./LCD_prog.o (__divsf3)
f:/embedded system/nti/imt_sdk_win_64/imt_sdk_win_64/winavr/bin/../lib/gcc/avr/4.3.3/avr5\libgcc.a(_eq_sf.o)
                              ./Servo_Program.o (__eqsf2)
f:/embedded system/nti/imt_sdk_win_64/imt_sdk_win_64/winavr/bin/../lib/gcc/avr/4.3.3/avr5\libgcc.a(_gt_sf.o)
                              ./EEPROM_program.o (__gtsf2)
f:/embedded system/nti/imt_sdk_win_64/imt_sdk_win_64/winavr/bin/../lib/gcc/avr/4.3.3/avr5\libgcc.a(_ge_sf.o)
                              ./Servo_Program.o (__gesf2)
f:/embedded system/nti/imt_sdk_win_64/imt_sdk_win_64/winavr/bin/../lib/gcc/avr/4.3.3/avr5\libgcc.a(_lt_sf.o)
                              ./EEPROM_program.o (__ltsf2)
f:/embedded system/nti/imt_sdk_win_64/imt_sdk_win_64/winavr/bin/../lib/gcc/avr/4.3.3/avr5\libgcc.a(_le_sf.o)
                              ./Servo_Program.o (__lesf2)
f:/embedded system/nti/imt_sdk_win_64/imt_sdk_win_64/winavr/bin/../lib/gcc/avr/4.3.3/avr5\libgcc.a(_si_to_sf.o)
                              ./LCD_prog.o (__floatsisf)
f:/embedded system/nti/imt_sdk_win_64/imt_sdk_win_64/winavr/bin/../lib/gcc/avr/4.3.3/avr5\libgcc.a(_sf_to_si.o)
                              ./LCD_prog.o (__fixsfsi)
f:/embedded system/nti/imt_sdk_win_64/imt_sdk_win_64/winavr/bin/../lib/gcc/avr/4.3.3/avr5\libgcc.a(_thenan_sf.o)
                              f:/embedded system/nti/imt_sdk_win_64/imt_sdk_win_64/winavr/bin/../lib/gcc/avr/4.3.3/avr5\libgcc.a(_addsub_sf.o) (__thenan_sf)
f:/embedded system/nti/imt_sdk_win_64/imt_sdk_win_64/winavr/bin/../lib/gcc/avr/4.3.3/avr5\libgcc.a(_prologue.o)
                              f:/embedded system/nti/imt_sdk_win_64/imt_sdk_win_64/winavr/bin/../lib/gcc/avr/4.3.3/avr5\libgcc.a(_addsub_sf.o) (__prologue_saves__)
f:/embedded system/nti/imt_sdk_win_64/imt_sdk_win_64/winavr/bin/../lib/gcc/avr/4.3.3/avr5\libgcc.a(_epilogue.o)
                              f:/embedded system/nti/imt_sdk_win_64/imt_sdk_win_64/winavr/bin/../lib/gcc/avr/4.3.3/avr5\libgcc.a(_addsub_sf.o) (__epilogue_restores__)
f:/embedded system/nti/imt_sdk_win_64/imt_sdk_win_64/winavr/bin/../lib/gcc/avr/4.3.3/avr5\libgcc.a(_clzsi2.o)
                              f:/embedded system/nti/imt_sdk_win_64/imt_sdk_win_64/winavr/bin/../lib/gcc/avr/4.3.3/avr5\libgcc.a(_si_to_sf.o) (__clzsi2)
f:/embedded system/nti/imt_sdk_win_64/imt_sdk_win_64/winavr/bin/../lib/gcc/avr/4.3.3/avr5\libgcc.a(_pack_sf.o)
                              f:/embedded system/nti/imt_sdk_win_64/imt_sdk_win_64/winavr/bin/../lib/gcc/avr/4.3.3/avr5\libgcc.a(_addsub_sf.o) (__pack_f)
f:/embedded system/nti/imt_sdk_win_64/imt_sdk_win_64/winavr/bin/../lib/gcc/avr/4.3.3/avr5\libgcc.a(_unpack_sf.o)
                              f:/embedded system/nti/imt_sdk_win_64/imt_sdk_win_64/winavr/bin/../lib/gcc/avr/4.3.3/avr5\libgcc.a(_addsub_sf.o) (__unpack_f)
f:/embedded system/nti/imt_sdk_win_64/imt_sdk_win_64/winavr/bin/../lib/gcc/avr/4.3.3/avr5\libgcc.a(_fpcmp_parts_sf.o)
                              f:/embedded system/nti/imt_sdk_win_64/imt_sdk_win_64/winavr/bin/../lib/gcc/avr/4.3.3/avr5\libgcc.a(_eq_sf.o) (__fpcmp_parts_f)
f:/embedded system/nti/imt_sdk_win_64/imt_sdk_win_64/winavr/bin/../lib/gcc/avr/4.3.3/avr5\libgcc.a(_clz.o)
                              f:/embedded system/nti/imt_sdk_win_64/imt_sdk_win_64/winavr/bin/../lib/gcc/avr/4.3.3/avr5\libgcc.a(_clzsi2.o) (__clz_tab)

Allocating common symbols
Common symbol       size              file

call_back           0x2               ./SPI_program.o

Memory Configuration

Name             Origin             Length             Attributes
text             0x00000000         0x00020000         xr
data             0x00800060         0x0000ffa0         rw !x
eeprom           0x00810000         0x00010000         rw !x
fuse             0x00820000         0x00000400         rw !x
lock             0x00830000         0x00000400         rw !x
signature        0x00840000         0x00000400         rw !x
*default*        0x00000000         0xffffffff

Linker script and memory map

LOAD f:/embedded system/nti/imt_sdk_win_64/imt_sdk_win_64/winavr/bin/../lib/gcc/avr/4.3.3/../../../../avr/lib/avr5/crtm32.o
LOAD ./ADC_Prog.o
LOAD ./DC_MOTOR_program.o
LOAD ./DIO_prog.o
LOAD ./EEPROM_program.o
LOAD ./EXTI_Prog.o
LOAD ./Interrupt_prog.o
LOAD ./LCD_prog.o
LOAD ./PWM_Prog.o
LOAD ./SPI_program.o
LOAD ./Servo_Program.o
LOAD ./Sevev_Seg_Prog.o
LOAD ./TIMER_program.o
LOAD ./TWI_Prog.o
LOAD ./UART_Prog.o
LOAD ./WDT_Prog.o
LOAD ./keypad_prog.o
LOAD ./main.o
LOAD f:/embedded system/nti/imt_sdk_win_64/imt_sdk_win_64/winavr/bin/../lib/gcc/avr/4.3.3/avr5\libgcc.a
LOAD f:/embedded system/nti/imt_sdk_win_64/imt_sdk_win_64/winavr/bin/../lib/gcc/avr/4.3.3/../../../../avr/lib/avr5\libc.a
LOAD f:/embedded system/nti/imt_sdk_win_64/imt_sdk_win_64/winavr/bin/../lib/gcc/avr/4.3.3/avr5\libgcc.a

.hash
 *(.hash)

.dynsym
 *(.dynsym)

.dynstr
 *(.dynstr)

.gnu.version
 *(.gnu.version)

.gnu.version_d
 *(.gnu.version_d)

.gnu.version_r
 *(.gnu.version_r)

.rel.init
 *(.rel.init)

.rela.init
 *(.rela.init)

.rel.text
 *(.rel.text)
 *(.rel.text.*)
 *(.rel.gnu.linkonce.t*)

.rela.text
 *(.rela.text)
 *(.rela.text.*)
 *(.rela.gnu.linkonce.t*)

.rel.fini
 *(.rel.fini)

.rela.fini
 *(.rela.fini)

.rel.rodata
 *(.rel.rodata)
 *(.rel.rodata.*)
 *(.rel.gnu.linkonce.r*)

.rela.rodata
 *(.rela.rodata)
 *(.rela.rodata.*)
 *(.rela.gnu.linkonce.r*)

.rel.data
 *(.rel.data)
 *(.rel.data.*)
 *(.rel.gnu.linkonce.d*)

.rela.data
 *(.rela.data)
 *(.rela.data.*)
 *(.rela.gnu.linkonce.d*)

.rel.ctors
 *(.rel.ctors)

.rela.ctors
 *(.rela.ctors)

.rel.dtors
 *(.rel.dtors)

.rela.dtors
 *(.rela.dtors)

.rel.got
 *(.rel.got)

.rela.got
 *(.rela.got)

.rel.bss
 *(.rel.bss)

.rela.bss
 *(.rela.bss)

.rel.plt
 *(.rel.plt)

.rela.plt
 *(.rela.plt)

.text           0x00000000     0x7756
 *(.vectors)
 .vectors       0x00000000       0x54 f:/embedded system/nti/imt_sdk_win_64/imt_sdk_win_64/winavr/bin/../lib/gcc/avr/4.3.3/../../../../avr/lib/avr5/crtm32.o
                0x00000000                __vectors
                0x00000000                __vector_default
 *(.vectors)
 *(.progmem.gcc*)
 *(.progmem*)
                0x00000054                . = ALIGN (0x2)
                0x00000054                __trampolines_start = .
 *(.trampolines)
 .trampolines   0x00000054        0x0 linker stubs
 *(.trampolines*)
                0x00000054                __trampolines_end = .
 *(.jumptables)
 *(.jumptables*)
 *(.lowtext)
 *(.lowtext*)
                0x00000054                __ctors_start = .
 *(.ctors)
                0x00000054                __ctors_end = .
                0x00000054                __dtors_start = .
 *(.dtors)
                0x00000054                __dtors_end = .
 SORT(*)(.ctors)
 SORT(*)(.dtors)
 *(.init0)
 .init0         0x00000054        0x0 f:/embedded system/nti/imt_sdk_win_64/imt_sdk_win_64/winavr/bin/../lib/gcc/avr/4.3.3/../../../../avr/lib/avr5/crtm32.o
                0x00000054                __init
 *(.init0)
 *(.init1)
 *(.init1)
 *(.init2)
 .init2         0x00000054        0xc f:/embedded system/nti/imt_sdk_win_64/imt_sdk_win_64/winavr/bin/../lib/gcc/avr/4.3.3/../../../../avr/lib/avr5/crtm32.o
 *(.init2)
 *(.init3)
 *(.init3)
 *(.init4)
 .init4         0x00000060       0x16 f:/embedded system/nti/imt_sdk_win_64/imt_sdk_win_64/winavr/bin/../lib/gcc/avr/4.3.3/avr5\libgcc.a(_copy_data.o)
                0x00000060                __do_copy_data
 .init4         0x00000076       0x10 f:/embedded system/nti/imt_sdk_win_64/imt_sdk_win_64/winavr/bin/../lib/gcc/avr/4.3.3/avr5\libgcc.a(_clear_bss.o)
                0x00000076                __do_clear_bss
 *(.init4)
 *(.init5)
 *(.init5)
 *(.init6)
 *(.init6)
 *(.init7)
 *(.init7)
 *(.init8)
 *(.init8)
 *(.init9)
 .init9         0x00000086        0x8 f:/embedded system/nti/imt_sdk_win_64/imt_sdk_win_64/winavr/bin/../lib/gcc/avr/4.3.3/../../../../avr/lib/avr5/crtm32.o
 *(.init9)
 *(.text)
 .text          0x0000008e        0x4 f:/embedded system/nti/imt_sdk_win_64/imt_sdk_win_64/winavr/bin/../lib/gcc/avr/4.3.3/../../../../avr/lib/avr5/crtm32.o
                0x0000008e                __bad_interrupt
                0x0000008e                __vector_17
                0x0000008e                __vector_19
                0x0000008e                __vector_18
                0x0000008e                __vector_20
 .text          0x00000092        0x0 ./ADC_Prog.o
 .text          0x00000092        0x0 ./DC_MOTOR_program.o
 .text          0x00000092        0x0 ./DIO_prog.o
 .text          0x00000092        0x0 ./EEPROM_program.o
 .text          0x00000092        0x0 ./EXTI_Prog.o
 .text          0x00000092        0x0 ./Interrupt_prog.o
 .text          0x00000092        0x0 ./LCD_prog.o
 .text          0x00000092        0x0 ./PWM_Prog.o
 .text          0x00000092        0x0 ./SPI_program.o
 .text          0x00000092        0x0 ./Servo_Program.o
 .text          0x00000092        0x0 ./Sevev_Seg_Prog.o
 .text          0x00000092        0x0 ./TIMER_program.o
 .text          0x00000092        0x0 ./TWI_Prog.o
 .text          0x00000092        0x0 ./UART_Prog.o
 .text          0x00000092        0x0 ./WDT_Prog.o
 .text          0x00000092        0x0 ./keypad_prog.o
 .text          0x00000092        0x0 ./main.o
 .text          0x00000092        0x0 f:/embedded system/nti/imt_sdk_win_64/imt_sdk_win_64/winavr/bin/../lib/gcc/avr/4.3.3/avr5\libgcc.a(_mulsi3.o)
 .text          0x00000092        0x0 f:/embedded system/nti/imt_sdk_win_64/imt_sdk_win_64/winavr/bin/../lib/gcc/avr/4.3.3/avr5\libgcc.a(_udivmodsi4.o)
 .text          0x00000092        0x0 f:/embedded system/nti/imt_sdk_win_64/imt_sdk_win_64/winavr/bin/../lib/gcc/avr/4.3.3/avr5\libgcc.a(_divmodsi4.o)
 .text          0x00000092        0x0 f:/embedded system/nti/imt_sdk_win_64/imt_sdk_win_64/winavr/bin/../lib/gcc/avr/4.3.3/avr5\libgcc.a(_exit.o)
 .text          0x00000092        0x0 f:/embedded system/nti/imt_sdk_win_64/imt_sdk_win_64/winavr/bin/../lib/gcc/avr/4.3.3/avr5\libgcc.a(_copy_data.o)
 .text          0x00000092        0x0 f:/embedded system/nti/imt_sdk_win_64/imt_sdk_win_64/winavr/bin/../lib/gcc/avr/4.3.3/avr5\libgcc.a(_clear_bss.o)
 .text          0x00000092       0x58 f:/embedded system/nti/imt_sdk_win_64/imt_sdk_win_64/winavr/bin/../lib/gcc/avr/4.3.3/avr5\libgcc.a(_fixunssfsi.o)
                0x00000092                __fixunssfsi
 .text          0x000000ea      0x354 f:/embedded system/nti/imt_sdk_win_64/imt_sdk_win_64/winavr/bin/../lib/gcc/avr/4.3.3/avr5\libgcc.a(_addsub_sf.o)
                0x00000382                __subsf3
                0x000003e4                __addsf3
 .text          0x0000043e      0x1f4 f:/embedded system/nti/imt_sdk_win_64/imt_sdk_win_64/winavr/bin/../lib/gcc/avr/4.3.3/avr5\libgcc.a(_mul_sf.o)
                0x0000043e                __mulsf3
 .text          0x00000632      0x158 f:/embedded system/nti/imt_sdk_win_64/imt_sdk_win_64/winavr/bin/../lib/gcc/avr/4.3.3/avr5\libgcc.a(_div_sf.o)
                0x00000632                __divsf3
 .text          0x0000078a       0x60 f:/embedded system/nti/imt_sdk_win_64/imt_sdk_win_64/winavr/bin/../lib/gcc/avr/4.3.3/avr5\libgcc.a(_eq_sf.o)
                0x0000078a                __eqsf2
 .text          0x000007ea       0x60 f:/embedded system/nti/imt_sdk_win_64/imt_sdk_win_64/winavr/bin/../lib/gcc/avr/4.3.3/avr5\libgcc.a(_gt_sf.o)
                0x000007ea                __gtsf2
 .text          0x0000084a       0x60 f:/embedded system/nti/imt_sdk_win_64/imt_sdk_win_64/winavr/bin/../lib/gcc/avr/4.3.3/avr5\libgcc.a(_ge_sf.o)
                0x0000084a                __gesf2
 .text          0x000008aa       0x60 f:/embedded system/nti/imt_sdk_win_64/imt_sdk_win_64/winavr/bin/../lib/gcc/avr/4.3.3/avr5\libgcc.a(_lt_sf.o)
                0x000008aa                __ltsf2
 .text          0x0000090a       0x60 f:/embedded system/nti/imt_sdk_win_64/imt_sdk_win_64/winavr/bin/../lib/gcc/avr/4.3.3/avr5\libgcc.a(_le_sf.o)
                0x0000090a                __lesf2
 .text          0x0000096a       0xbc f:/embedded system/nti/imt_sdk_win_64/imt_sdk_win_64/winavr/bin/../lib/gcc/avr/4.3.3/avr5\libgcc.a(_si_to_sf.o)
                0x0000096a                __floatsisf
 .text          0x00000a26       0xa8 f:/embedded system/nti/imt_sdk_win_64/imt_sdk_win_64/winavr/bin/../lib/gcc/avr/4.3.3/avr5\libgcc.a(_sf_to_si.o)
                0x00000a26                __fixsfsi
 .text          0x00000ace        0x0 f:/embedded system/nti/imt_sdk_win_64/imt_sdk_win_64/winavr/bin/../lib/gcc/avr/4.3.3/avr5\libgcc.a(_thenan_sf.o)
 .text          0x00000ace        0x0 f:/embedded system/nti/imt_sdk_win_64/imt_sdk_win_64/winavr/bin/../lib/gcc/avr/4.3.3/avr5\libgcc.a(_prologue.o)
 .text          0x00000ace        0x0 f:/embedded system/nti/imt_sdk_win_64/imt_sdk_win_64/winavr/bin/../lib/gcc/avr/4.3.3/avr5\libgcc.a(_epilogue.o)
 .text          0x00000ace       0x9e f:/embedded system/nti/imt_sdk_win_64/imt_sdk_win_64/winavr/bin/../lib/gcc/avr/4.3.3/avr5\libgcc.a(_clzsi2.o)
                0x00000ace                __clzsi2
 .text          0x00000b6c      0x1aa f:/embedded system/nti/imt_sdk_win_64/imt_sdk_win_64/winavr/bin/../lib/gcc/avr/4.3.3/avr5\libgcc.a(_pack_sf.o)
                0x00000b6c                __pack_f
 .text          0x00000d16       0xf0 f:/embedded system/nti/imt_sdk_win_64/imt_sdk_win_64/winavr/bin/../lib/gcc/avr/4.3.3/avr5\libgcc.a(_unpack_sf.o)
                0x00000d16                __unpack_f
 .text          0x00000e06       0xb2 f:/embedded system/nti/imt_sdk_win_64/imt_sdk_win_64/winavr/bin/../lib/gcc/avr/4.3.3/avr5\libgcc.a(_fpcmp_parts_sf.o)
                0x00000e06                __fpcmp_parts_f
 .text          0x00000eb8        0x0 f:/embedded system/nti/imt_sdk_win_64/imt_sdk_win_64/winavr/bin/../lib/gcc/avr/4.3.3/avr5\libgcc.a(_clz.o)
                0x00000eb8                . = ALIGN (0x2)
 *(.text.*)
 .text.ADC_voidInit
                0x00000eb8       0x62 ./ADC_Prog.o
                0x00000eb8                ADC_voidInit
 .text.ADC_voidStartConversion
                0x00000f1a       0x40 ./ADC_Prog.o
                0x00000f1a                ADC_voidStartConversion
 .text.ADC_voidGetResoult
                0x00000f5a       0x30 ./ADC_Prog.o
                0x00000f5a                ADC_voidGetResoult
 .text.ADC_EnableInt0
                0x00000f8a       0x1c ./ADC_Prog.o
                0x00000f8a                ADC_EnableInt0
 .text.ADC_DesableInt0
                0x00000fa6       0x1c ./ADC_Prog.o
                0x00000fa6                ADC_DesableInt0
 .text.ADC_SetCallback
                0x00000fc2       0x24 ./ADC_Prog.o
                0x00000fc2                ADC_SetCallback
 .text.__vector_16
                0x00000fe6       0x66 ./ADC_Prog.o
                0x00000fe6                __vector_16
 .text.HDC_Init
                0x0000104c       0xb8 ./DC_MOTOR_program.o
                0x0000104c                HDC_Init
 .text.HDC_RotateCW
                0x00001104       0xb8 ./DC_MOTOR_program.o
                0x00001104                HDC_RotateCW
 .text.HDC_RotateCCW
                0x000011bc       0xb8 ./DC_MOTOR_program.o
                0x000011bc                HDC_RotateCCW
 .text.HDC_voidStopMotor
                0x00001274       0xb8 ./DC_MOTOR_program.o
                0x00001274                HDC_voidStopMotor
 .text.DIO_voidSetPortDirection
                0x0000132c       0x88 ./DIO_prog.o
                0x0000132c                DIO_voidSetPortDirection
 .text.DIO_voidSetPortValue
                0x000013b4       0x88 ./DIO_prog.o
                0x000013b4                DIO_voidSetPortValue
 .text.DIO_voidSetPinDirection
                0x0000143c      0x208 ./DIO_prog.o
                0x0000143c                DIO_voidSetPinDirection
 .text.DIO_voidSetPinValue
                0x00001644      0x208 ./DIO_prog.o
                0x00001644                DIO_voidSetPinValue
 .text.DIO_u8GetPinValue
                0x0000184c       0xfa ./DIO_prog.o
                0x0000184c                DIO_u8GetPinValue
 .text.DIO_voidTogglePin
                0x00001946      0x102 ./DIO_prog.o
                0x00001946                DIO_voidTogglePin
 .text.EEPROM_voidSendDataByte
                0x00001a48      0x138 ./EEPROM_program.o
                0x00001a48                EEPROM_voidSendDataByte
 .text.EEPROM_u8ReadDataByte
                0x00001b80       0x54 ./EEPROM_program.o
                0x00001b80                EEPROM_u8ReadDataByte
 .text.EXTI1_Set_Callback
                0x00001bd4       0x24 ./EXTI_Prog.o
                0x00001bd4                EXTI1_Set_Callback
 .text.EXTI2_Set_Callback
                0x00001bf8       0x24 ./EXTI_Prog.o
                0x00001bf8                EXTI2_Set_Callback
 .text.EXTI0_Set_Callback
                0x00001c1c       0x24 ./EXTI_Prog.o
                0x00001c1c                EXTI0_Set_Callback
 .text.EXTI_voidInt0Init
                0x00001c40       0x38 ./EXTI_Prog.o
                0x00001c40                EXTI_voidInt0Init
 .text.EXTI_voidInt1Init
                0x00001c78       0x38 ./EXTI_Prog.o
                0x00001c78                EXTI_voidInt1Init
 .text.EXTI_voidInt2Init
                0x00001cb0       0x1c ./EXTI_Prog.o
                0x00001cb0                EXTI_voidInt2Init
 .text.EXTI_voidInt0Disable
                0x00001ccc       0x1c ./EXTI_Prog.o
                0x00001ccc                EXTI_voidInt0Disable
 .text.EXTI_voidInt1Disable
                0x00001ce8       0x1c ./EXTI_Prog.o
                0x00001ce8                EXTI_voidInt1Disable
 .text.EXTI_voidInt2Disable
                0x00001d04       0x1c ./EXTI_Prog.o
                0x00001d04                EXTI_voidInt2Disable
 .text.EXTI_voidIntInit
                0x00001d20      0x296 ./EXTI_Prog.o
                0x00001d20                EXTI_voidIntInit
 .text.EXTI_voidIntDisable
                0x00001fb6       0x70 ./EXTI_Prog.o
                0x00001fb6                EXTI_voidIntDisable
 .text.__vector_1
                0x00002026       0x66 ./EXTI_Prog.o
                0x00002026                __vector_1
 .text.__vector_2
                0x0000208c       0x66 ./EXTI_Prog.o
                0x0000208c                __vector_2
 .text.__vector_3
                0x000020f2       0x66 ./EXTI_Prog.o
                0x000020f2                __vector_3
 .text.GIE_voidEnable
                0x00002158       0x1c ./Interrupt_prog.o
                0x00002158                GIE_voidEnable
 .text.GIE_voidDisable
                0x00002174       0x1c ./Interrupt_prog.o
                0x00002174                GIE_voidDisable
 .text.voidDecodeDigit
                0x00002190       0xf6 ./LCD_prog.o
 .text.voidWriteInBus
                0x00002286       0x6a ./LCD_prog.o
 .text.HLCD_voidLcdcmd
                0x000022f0      0x31e ./LCD_prog.o
                0x000022f0                HLCD_voidLcdcmd
 .text.HLCD_voidLcdIntiate
                0x0000260e      0x68c ./LCD_prog.o
                0x0000260e                HLCD_voidLcdIntiate
 .text.HLCD_voidLcdSetAddress
                0x00002c9a       0x84 ./LCD_prog.o
                0x00002c9a                HLCD_voidLcdSetAddress
 .text.HLCD_voidLcdWriteChar
                0x00002d1e      0x31e ./LCD_prog.o
                0x00002d1e                HLCD_voidLcdWriteChar
 .text.HLCD_voidLcdClear
                0x0000303c       0x14 ./LCD_prog.o
                0x0000303c                HLCD_voidLcdClear
 .text.HLCD_voidLcdWriteString
                0x00003050      0xaa8 ./LCD_prog.o
                0x00003050                HLCD_voidLcdWriteString
 .text.HLCD_voidLcdWriteIntiger
                0x00003af8      0x70e ./LCD_prog.o
                0x00003af8                HLCD_voidLcdWriteIntiger
 .text.HLCD_voidLcdWriteCGRAM
                0x00004206       0x5e ./LCD_prog.o
 .text.HLCD_voidLcdDraw
                0x00004264       0x46 ./LCD_prog.o
                0x00004264                HLCD_voidLcdDraw
 .text.LCD_u8WriteNum
                0x000042aa      0x42c ./LCD_prog.o
                0x000042aa                LCD_u8WriteNum
 .text.PWM_voidPWM_run
                0x000046d6      0x314 ./PWM_Prog.o
                0x000046d6                PWM_voidPWM_run
 .text.PWM_voidPWM_DutyCycle
                0x000049ea      0x78c ./PWM_Prog.o
                0x000049ea                PWM_voidPWM_DutyCycle
 .text.PWM_voidPWM_OCR_Value
                0x00005176      0x4de ./PWM_Prog.o
                0x00005176                PWM_voidPWM_OCR_Value
 .text.SPI_voidMasterInit
                0x00005654       0xb2 ./SPI_program.o
                0x00005654                SPI_voidMasterInit
 .text.SPI_voidSlaveInit
                0x00005706       0x8a ./SPI_program.o
                0x00005706                SPI_voidSlaveInit
 .text.SPI_voidWriteChar
                0x00005790       0x2c ./SPI_program.o
                0x00005790                SPI_voidWriteChar
 .text.SPI_voidReadChar
                0x000057bc       0x1e ./SPI_program.o
                0x000057bc                SPI_voidReadChar
 .text.SPI_voidWriteAsysChar
                0x000057da       0x24 ./SPI_program.o
                0x000057da                SPI_voidWriteAsysChar
 .text.__vector_12
                0x000057fe       0x44 ./SPI_program.o
                0x000057fe                __vector_12
 .text.HSERVO_voidInit
                0x00005842       0x28 ./Servo_Program.o
                0x00005842                HSERVO_voidInit
 .text.HSERVO_voidRotate
                0x0000586a       0xc4 ./Servo_Program.o
                0x0000586a                HSERVO_voidRotate
 .text.Sev_Seg_Intialize
                0x0000592e       0x5e ./Sevev_Seg_Prog.o
                0x0000592e                Sev_Seg_Intialize
 .text.Sev_Seg_Disable_1
                0x0000598c       0x18 ./Sevev_Seg_Prog.o
                0x0000598c                Sev_Seg_Disable_1
 .text.Sev_Seg_Disable_2
                0x000059a4       0x18 ./Sevev_Seg_Prog.o
                0x000059a4                Sev_Seg_Disable_2
 .text.Sev_Seg_Disable_3
                0x000059bc       0x18 ./Sevev_Seg_Prog.o
                0x000059bc                Sev_Seg_Disable_3
 .text.Sev_Seg_Disable_4
                0x000059d4       0x18 ./Sevev_Seg_Prog.o
                0x000059d4                Sev_Seg_Disable_4
 .text.Sev_Seg_Enable_1
                0x000059ec       0x18 ./Sevev_Seg_Prog.o
                0x000059ec                Sev_Seg_Enable_1
 .text.Sev_Seg_Enable_2
                0x00005a04       0x18 ./Sevev_Seg_Prog.o
                0x00005a04                Sev_Seg_Enable_2
 .text.Sev_Seg_Enable_3
                0x00005a1c       0x18 ./Sevev_Seg_Prog.o
                0x00005a1c                Sev_Seg_Enable_3
 .text.Sev_Seg_Enable_4
                0x00005a34       0x18 ./Sevev_Seg_Prog.o
                0x00005a34                Sev_Seg_Enable_4
 .text.Sev_Seg_WriteNumber
                0x00005a4c       0x66 ./Sevev_Seg_Prog.o
                0x00005a4c                Sev_Seg_WriteNumber
 .text.TIMER0_voidInit
                0x00005ab2       0x5c ./TIMER_program.o
                0x00005ab2                TIMER0_voidInit
 .text.TIMER1_voidInit
                0x00005b0e      0x100 ./TIMER_program.o
                0x00005b0e                TIMER1_voidInit
 .text.TIMER2_voidInit
                0x00005c0e       0x5c ./TIMER_program.o
                0x00005c0e                TIMER2_voidInit
 .text.TIMER0_voidSetPreload
                0x00005c6a       0x1c ./TIMER_program.o
                0x00005c6a                TIMER0_voidSetPreload
 .text.TIMER1_voidSetPreload
                0x00005c86       0x24 ./TIMER_program.o
                0x00005c86                TIMER1_voidSetPreload
 .text.TIMER2_voidSetPreload
                0x00005caa       0x1c ./TIMER_program.o
                0x00005caa                TIMER2_voidSetPreload
 .text.TIMER0_voidSetCTC
                0x00005cc6       0x1c ./TIMER_program.o
                0x00005cc6                TIMER0_voidSetCTC
 .text.TIMER1_voidSetCTCA
                0x00005ce2       0x24 ./TIMER_program.o
                0x00005ce2                TIMER1_voidSetCTCA
 .text.TIMER1_voidSetCTCB
                0x00005d06       0x24 ./TIMER_program.o
                0x00005d06                TIMER1_voidSetCTCB
 .text.TIMER2_voidSetCTC
                0x00005d2a       0x1c ./TIMER_program.o
                0x00005d2a                TIMER2_voidSetCTC
 .text.TIMER1_voidSetICR1
                0x00005d46       0x24 ./TIMER_program.o
                0x00005d46                TIMER1_voidSetICR1
 .text.TIMER0_u8GetTimerCounterValue
                0x00005d6a       0x14 ./TIMER_program.o
                0x00005d6a                TIMER0_u8GetTimerCounterValue
 .text.TIMER1_u16GetTimerCounterValue
                0x00005d7e       0x16 ./TIMER_program.o
                0x00005d7e                TIMER1_u16GetTimerCounterValue
 .text.TIMER2_u8GetTimerCounterValue
                0x00005d94       0x14 ./TIMER_program.o
                0x00005d94                TIMER2_u8GetTimerCounterValue
 .text.TIMER1_voidSetPWM
                0x00005da8       0x24 ./TIMER_program.o
                0x00005da8                TIMER1_voidSetPWM
 .text.TIMER_voidICUInitEnable
                0x00005dcc       0x2a ./TIMER_program.o
                0x00005dcc                TIMER_voidICUInitEnable
 .text.TIMER_voidICUSetTriggerEdge
                0x00005df6       0x4a ./TIMER_program.o
                0x00005df6                TIMER_voidICUSetTriggerEdge
 .text.TIMER_voidICUEnableInterrupt
                0x00005e40       0x1c ./TIMER_program.o
                0x00005e40                TIMER_voidICUEnableInterrupt
 .text.TIMER_voidICUDisableInterrupt
                0x00005e5c       0x1c ./TIMER_program.o
                0x00005e5c                TIMER_voidICUDisableInterrupt
 .text.TIMER_u16GetICR
                0x00005e78       0x16 ./TIMER_program.o
                0x00005e78                TIMER_u16GetICR
 .text.TIMER_voidWDTSleep
                0x00005e8e       0x2a ./TIMER_program.o
                0x00005e8e                TIMER_voidWDTSleep
 .text.TIMER_voidWDTEnable
                0x00005eb8       0x1c ./TIMER_program.o
                0x00005eb8                TIMER_voidWDTEnable
 .text.TIMER_voidWDTDisable
                0x00005ed4       0x22 ./TIMER_program.o
                0x00005ed4                TIMER_voidWDTDisable
 .text.TIMER_u8SetCallBack
                0x00005ef6       0x4a ./TIMER_program.o
                0x00005ef6                TIMER_u8SetCallBack
 .text.__vector_11
                0x00005f40       0x66 ./TIMER_program.o
                0x00005f40                __vector_11
 .text.__vector_10
                0x00005fa6       0x66 ./TIMER_program.o
                0x00005fa6                __vector_10
 .text.__vector_9
                0x0000600c       0x66 ./TIMER_program.o
                0x0000600c                __vector_9
 .text.__vector_8
                0x00006072       0x66 ./TIMER_program.o
                0x00006072                __vector_8
 .text.__vector_7
                0x000060d8       0x66 ./TIMER_program.o
                0x000060d8                __vector_7
 .text.__vector_6
                0x0000613e       0x66 ./TIMER_program.o
                0x0000613e                __vector_6
 .text.__vector_5
                0x000061a4       0x66 ./TIMER_program.o
                0x000061a4                __vector_5
 .text.__vector_4
                0x0000620a       0x66 ./TIMER_program.o
                0x0000620a                __vector_4
 .text.TWI_voidInitMaster
                0x00006270       0x4e ./TWI_Prog.o
                0x00006270                TWI_voidInitMaster
 .text.TWI_voidInitSlave
                0x000062be       0x3a ./TWI_Prog.o
                0x000062be                TWI_voidInitSlave
 .text.TWI_SendStartCondition
                0x000062f8       0x54 ./TWI_Prog.o
                0x000062f8                TWI_SendStartCondition
 .text.TWI_SendRepeatedStart
                0x0000634c       0x54 ./TWI_Prog.o
                0x0000634c                TWI_SendRepeatedStart
 .text.TWI_SendSlaveAddressWithWrite
                0x000063a0       0x70 ./TWI_Prog.o
                0x000063a0                TWI_SendSlaveAddressWithWrite
 .text.TWI_SendSlaveAddressWithRead
                0x00006410       0x70 ./TWI_Prog.o
                0x00006410                TWI_SendSlaveAddressWithRead
 .text.TWI_MasterWriteDataByte
                0x00006480       0x52 ./TWI_Prog.o
                0x00006480                TWI_MasterWriteDataByte
 .text.TWI_MasterReadDataByte
                0x000064d2       0x5e ./TWI_Prog.o
                0x000064d2                TWI_MasterReadDataByte
 .text.TWI_SlaveWriteDataByte
                0x00006530       0x52 ./TWI_Prog.o
                0x00006530                TWI_SlaveWriteDataByte
 .text.TWI_SlaveReadDataByte
                0x00006582       0x8e ./TWI_Prog.o
                0x00006582                TWI_SlaveReadDataByte
 .text.TWI_SendStopCondition
                0x00006610       0x2a ./TWI_Prog.o
                0x00006610                TWI_SendStopCondition
 .text.__vector_13
                0x0000663a       0x76 ./UART_Prog.o
                0x0000663a                __vector_13
 .text.__vector_14
                0x000066b0       0x66 ./UART_Prog.o
                0x000066b0                __vector_14
 .text.__vector_15
                0x00006716       0x66 ./UART_Prog.o
                0x00006716                __vector_15
 .text.UART_voidInit
                0x0000677c       0xa2 ./UART_Prog.o
                0x0000677c                UART_voidInit
 .text.UART_voidSendData_sync
                0x0000681e       0x5c ./UART_Prog.o
                0x0000681e                UART_voidSendData_sync
 .text.UART_voidReceiveData_sync
                0x0000687a       0x1e ./UART_Prog.o
                0x0000687a                UART_voidReceiveData_sync
 .text.UART_voidReceiveData_Async
                0x00006898       0x42 ./UART_Prog.o
                0x00006898                UART_voidReceiveData_Async
 .text.UART_voidSendData_Async
                0x000068da       0x54 ./UART_Prog.o
                0x000068da                UART_voidSendData_Async
 .text.UART_voidSendString_sync
                0x0000692e       0x52 ./UART_Prog.o
                0x0000692e                UART_voidSendString_sync
 .text.UART_SetCallBack_RX
                0x00006980       0x24 ./UART_Prog.o
                0x00006980                UART_SetCallBack_RX
 .text.UART_SetCallBack_TX
                0x000069a4       0x24 ./UART_Prog.o
                0x000069a4                UART_SetCallBack_TX
 .text.UART_SetCallBack_EMPTY_REG
                0x000069c8       0x24 ./UART_Prog.o
                0x000069c8                UART_SetCallBack_EMPTY_REG
 .text.WDT_voidEnable
                0x000069ec       0x1c ./WDT_Prog.o
                0x000069ec                WDT_voidEnable
 .text.WDT_voidDisable
                0x00006a08       0x1c ./WDT_Prog.o
                0x00006a08                WDT_voidDisable
 .text.WDT_voidSleepTIME
                0x00006a24       0x32 ./WDT_Prog.o
                0x00006a24                WDT_voidSleepTIME
 .text.HKEY_voidKeybadIntiate
                0x00006a56       0x86 ./keypad_prog.o
                0x00006a56                HKEY_voidKeybadIntiate
 .text.kpad_u8GetBtnStatus
                0x00006adc      0x1d0 ./keypad_prog.o
                0x00006adc                kpad_u8GetBtnStatus
 .text.kpad_u8GetBtnSym
                0x00006cac      0x14a ./keypad_prog.o
                0x00006cac                kpad_u8GetBtnSym
 .text.main     0x00006df6      0x3b2 ./main.o
                0x00006df6                main
 .text.Init_Buttons
                0x000071a8       0x5e ./main.o
                0x000071a8                Init_Buttons
 .text.Player_One
                0x00007206      0x212 ./main.o
                0x00007206                Player_One
 .text.Player_Two
                0x00007418      0x214 ./main.o
                0x00007418                Player_Two
 .text.libgcc   0x0000762c       0x3e f:/embedded system/nti/imt_sdk_win_64/imt_sdk_win_64/winavr/bin/../lib/gcc/avr/4.3.3/avr5\libgcc.a(_mulsi3.o)
                0x0000762c                __mulsi3
 .text.libgcc   0x0000766a       0x44 f:/embedded system/nti/imt_sdk_win_64/imt_sdk_win_64/winavr/bin/../lib/gcc/avr/4.3.3/avr5\libgcc.a(_udivmodsi4.o)
                0x0000766a                __udivmodsi4
 .text.libgcc   0x000076ae       0x36 f:/embedded system/nti/imt_sdk_win_64/imt_sdk_win_64/winavr/bin/../lib/gcc/avr/4.3.3/avr5\libgcc.a(_divmodsi4.o)
                0x000076ae                __divmodsi4
 .text.libgcc   0x000076e4        0x0 f:/embedded system/nti/imt_sdk_win_64/imt_sdk_win_64/winavr/bin/../lib/gcc/avr/4.3.3/avr5\libgcc.a(_exit.o)
 .text.libgcc   0x000076e4        0x0 f:/embedded system/nti/imt_sdk_win_64/imt_sdk_win_64/winavr/bin/../lib/gcc/avr/4.3.3/avr5\libgcc.a(_copy_data.o)
 .text.libgcc   0x000076e4        0x0 f:/embedded system/nti/imt_sdk_win_64/imt_sdk_win_64/winavr/bin/../lib/gcc/avr/4.3.3/avr5\libgcc.a(_clear_bss.o)
 .text.libgcc   0x000076e4       0x38 f:/embedded system/nti/imt_sdk_win_64/imt_sdk_win_64/winavr/bin/../lib/gcc/avr/4.3.3/avr5\libgcc.a(_prologue.o)
                0x000076e4                __prologue_saves__
 .text.libgcc   0x0000771c       0x36 f:/embedded system/nti/imt_sdk_win_64/imt_sdk_win_64/winavr/bin/../lib/gcc/avr/4.3.3/avr5\libgcc.a(_epilogue.o)
                0x0000771c                __epilogue_restores__
                0x00007752                . = ALIGN (0x2)
 *(.fini9)
 .fini9         0x00007752        0x0 f:/embedded system/nti/imt_sdk_win_64/imt_sdk_win_64/winavr/bin/../lib/gcc/avr/4.3.3/avr5\libgcc.a(_exit.o)
                0x00007752                exit
                0x00007752                _exit
 *(.fini9)
 *(.fini8)
 *(.fini8)
 *(.fini7)
 *(.fini7)
 *(.fini6)
 *(.fini6)
 *(.fini5)
 *(.fini5)
 *(.fini4)
 *(.fini4)
 *(.fini3)
 *(.fini3)
 *(.fini2)
 *(.fini2)
 *(.fini1)
 *(.fini1)
 *(.fini0)
 .fini0         0x00007752        0x4 f:/embedded system/nti/imt_sdk_win_64/imt_sdk_win_64/winavr/bin/../lib/gcc/avr/4.3.3/avr5\libgcc.a(_exit.o)
 *(.fini0)
                0x00007756                _etext = .

.data           0x00800060      0x12a load address 0x00007756
                0x00800060                PROVIDE (__data_start, .)
 *(.data)
 .data          0x00800060        0x0 f:/embedded system/nti/imt_sdk_win_64/imt_sdk_win_64/winavr/bin/../lib/gcc/avr/4.3.3/../../../../avr/lib/avr5/crtm32.o
 .data          0x00800060        0x0 ./ADC_Prog.o
 .data          0x00800060        0x0 ./DC_MOTOR_program.o
 .data          0x00800060        0x0 ./DIO_prog.o
 .data          0x00800060        0x0 ./EEPROM_program.o
 .data          0x00800060        0x0 ./EXTI_Prog.o
 .data          0x00800060        0x0 ./Interrupt_prog.o
 .data          0x00800060        0x0 ./LCD_prog.o
 .data          0x00800060        0x0 ./PWM_Prog.o
 .data          0x00800060        0x0 ./SPI_program.o
 .data          0x00800060        0x0 ./Servo_Program.o
 .data          0x00800060        0x0 ./Sevev_Seg_Prog.o
 .data          0x00800060        0x0 ./TIMER_program.o
 .data          0x00800060        0x0 ./TWI_Prog.o
 .data          0x00800060        0x0 ./UART_Prog.o
 .data          0x00800060        0x0 ./WDT_Prog.o
 .data          0x00800060        0x0 ./keypad_prog.o
 .data          0x00800060        0xc ./main.o
 .data          0x0080006c        0x0 f:/embedded system/nti/imt_sdk_win_64/imt_sdk_win_64/winavr/bin/../lib/gcc/avr/4.3.3/avr5\libgcc.a(_mulsi3.o)
 .data          0x0080006c        0x0 f:/embedded system/nti/imt_sdk_win_64/imt_sdk_win_64/winavr/bin/../lib/gcc/avr/4.3.3/avr5\libgcc.a(_udivmodsi4.o)
 .data          0x0080006c        0x0 f:/embedded system/nti/imt_sdk_win_64/imt_sdk_win_64/winavr/bin/../lib/gcc/avr/4.3.3/avr5\libgcc.a(_divmodsi4.o)
 .data          0x0080006c        0x0 f:/embedded system/nti/imt_sdk_win_64/imt_sdk_win_64/winavr/bin/../lib/gcc/avr/4.3.3/avr5\libgcc.a(_exit.o)
 .data          0x0080006c        0x0 f:/embedded system/nti/imt_sdk_win_64/imt_sdk_win_64/winavr/bin/../lib/gcc/avr/4.3.3/avr5\libgcc.a(_copy_data.o)
 .data          0x0080006c        0x0 f:/embedded system/nti/imt_sdk_win_64/imt_sdk_win_64/winavr/bin/../lib/gcc/avr/4.3.3/avr5\libgcc.a(_clear_bss.o)
 .data          0x0080006c        0x0 f:/embedded system/nti/imt_sdk_win_64/imt_sdk_win_64/winavr/bin/../lib/gcc/avr/4.3.3/avr5\libgcc.a(_fixunssfsi.o)
 .data          0x0080006c        0x0 f:/embedded system/nti/imt_sdk_win_64/imt_sdk_win_64/winavr/bin/../lib/gcc/avr/4.3.3/avr5\libgcc.a(_addsub_sf.o)
 .data          0x0080006c        0x0 f:/embedded system/nti/imt_sdk_win_64/imt_sdk_win_64/winavr/bin/../lib/gcc/avr/4.3.3/avr5\libgcc.a(_mul_sf.o)
 .data          0x0080006c        0x0 f:/embedded system/nti/imt_sdk_win_64/imt_sdk_win_64/winavr/bin/../lib/gcc/avr/4.3.3/avr5\libgcc.a(_div_sf.o)
 .data          0x0080006c        0x0 f:/embedded system/nti/imt_sdk_win_64/imt_sdk_win_64/winavr/bin/../lib/gcc/avr/4.3.3/avr5\libgcc.a(_eq_sf.o)
 .data          0x0080006c        0x0 f:/embedded system/nti/imt_sdk_win_64/imt_sdk_win_64/winavr/bin/../lib/gcc/avr/4.3.3/avr5\libgcc.a(_gt_sf.o)
 .data          0x0080006c        0x0 f:/embedded system/nti/imt_sdk_win_64/imt_sdk_win_64/winavr/bin/../lib/gcc/avr/4.3.3/avr5\libgcc.a(_ge_sf.o)
 .data          0x0080006c        0x0 f:/embedded system/nti/imt_sdk_win_64/imt_sdk_win_64/winavr/bin/../lib/gcc/avr/4.3.3/avr5\libgcc.a(_lt_sf.o)
 .data          0x0080006c        0x0 f:/embedded system/nti/imt_sdk_win_64/imt_sdk_win_64/winavr/bin/../lib/gcc/avr/4.3.3/avr5\libgcc.a(_le_sf.o)
 .data          0x0080006c        0x0 f:/embedded system/nti/imt_sdk_win_64/imt_sdk_win_64/winavr/bin/../lib/gcc/avr/4.3.3/avr5\libgcc.a(_si_to_sf.o)
 .data          0x0080006c        0x0 f:/embedded system/nti/imt_sdk_win_64/imt_sdk_win_64/winavr/bin/../lib/gcc/avr/4.3.3/avr5\libgcc.a(_sf_to_si.o)
 .data          0x0080006c        0x8 f:/embedded system/nti/imt_sdk_win_64/imt_sdk_win_64/winavr/bin/../lib/gcc/avr/4.3.3/avr5\libgcc.a(_thenan_sf.o)
                0x0080006c                __thenan_sf
 .data          0x00800074        0x0 f:/embedded system/nti/imt_sdk_win_64/imt_sdk_win_64/winavr/bin/../lib/gcc/avr/4.3.3/avr5\libgcc.a(_prologue.o)
 .data          0x00800074        0x0 f:/embedded system/nti/imt_sdk_win_64/imt_sdk_win_64/winavr/bin/../lib/gcc/avr/4.3.3/avr5\libgcc.a(_epilogue.o)
 .data          0x00800074        0x0 f:/embedded system/nti/imt_sdk_win_64/imt_sdk_win_64/winavr/bin/../lib/gcc/avr/4.3.3/avr5\libgcc.a(_clzsi2.o)
 .data          0x00800074        0x0 f:/embedded system/nti/imt_sdk_win_64/imt_sdk_win_64/winavr/bin/../lib/gcc/avr/4.3.3/avr5\libgcc.a(_pack_sf.o)
 .data          0x00800074        0x0 f:/embedded system/nti/imt_sdk_win_64/imt_sdk_win_64/winavr/bin/../lib/gcc/avr/4.3.3/avr5\libgcc.a(_unpack_sf.o)
 .data          0x00800074        0x0 f:/embedded system/nti/imt_sdk_win_64/imt_sdk_win_64/winavr/bin/../lib/gcc/avr/4.3.3/avr5\libgcc.a(_fpcmp_parts_sf.o)
 .data          0x00800074      0x100 f:/embedded system/nti/imt_sdk_win_64/imt_sdk_win_64/winavr/bin/../lib/gcc/avr/4.3.3/avr5\libgcc.a(_clz.o)
                0x00800074                __clz_tab
 *(.data*)
 .data.Flag     0x00800174        0x1 ./main.o
                0x00800174                Flag
 .data.Player1  0x00800175        0x1 ./main.o
                0x00800175                Player1
 .data.Player2  0x00800176        0x1 ./main.o
                0x00800176                Player2
 .data.i        0x00800177        0x1 ./main.o
                0x00800177                i
 .data.j        0x00800178        0x1 ./main.o
                0x00800178                j
 .data.customChar
                0x00800179        0x8 ./main.o
                0x00800179                customChar
 .data.customChar_2
                0x00800181        0x8 ./main.o
                0x00800181                customChar_2
 *(.rodata)
 *(.rodata*)
 *(.gnu.linkonce.d*)
                0x0080018a                . = ALIGN (0x2)
 *fill*         0x00800189        0x1 00
                0x0080018a                _edata = .
                0x0080018a                PROVIDE (__data_end, .)

.bss            0x0080018a       0x57
                0x0080018a                PROVIDE (__bss_start, .)
 *(.bss)
 .bss           0x0080018a        0x0 f:/embedded system/nti/imt_sdk_win_64/imt_sdk_win_64/winavr/bin/../lib/gcc/avr/4.3.3/../../../../avr/lib/avr5/crtm32.o
 .bss           0x0080018a        0x0 ./ADC_Prog.o
 .bss           0x0080018a        0x0 ./DC_MOTOR_program.o
 .bss           0x0080018a        0x0 ./DIO_prog.o
 .bss           0x0080018a        0x0 ./EEPROM_program.o
 .bss           0x0080018a        0x0 ./EXTI_Prog.o
 .bss           0x0080018a        0x0 ./Interrupt_prog.o
 .bss           0x0080018a        0x0 ./LCD_prog.o
 .bss           0x0080018a        0x0 ./PWM_Prog.o
 .bss           0x0080018a        0x0 ./SPI_program.o
 .bss           0x0080018a        0x0 ./Servo_Program.o
 .bss           0x0080018a        0x0 ./Sevev_Seg_Prog.o
 .bss           0x0080018a        0x0 ./TIMER_program.o
 .bss           0x0080018a        0x0 ./TWI_Prog.o
 .bss           0x0080018a        0x0 ./UART_Prog.o
 .bss           0x0080018a        0x0 ./WDT_Prog.o
 .bss           0x0080018a        0x0 ./keypad_prog.o
 .bss           0x0080018a        0x0 ./main.o
 .bss           0x0080018a        0x0 f:/embedded system/nti/imt_sdk_win_64/imt_sdk_win_64/winavr/bin/../lib/gcc/avr/4.3.3/avr5\libgcc.a(_mulsi3.o)
 .bss           0x0080018a        0x0 f:/embedded system/nti/imt_sdk_win_64/imt_sdk_win_64/winavr/bin/../lib/gcc/avr/4.3.3/avr5\libgcc.a(_udivmodsi4.o)
 .bss           0x0080018a        0x0 f:/embedded system/nti/imt_sdk_win_64/imt_sdk_win_64/winavr/bin/../lib/gcc/avr/4.3.3/avr5\libgcc.a(_divmodsi4.o)
 .bss           0x0080018a        0x0 f:/embedded system/nti/imt_sdk_win_64/imt_sdk_win_64/winavr/bin/../lib/gcc/avr/4.3.3/avr5\libgcc.a(_exit.o)
 .bss           0x0080018a        0x0 f:/embedded system/nti/imt_sdk_win_64/imt_sdk_win_64/winavr/bin/../lib/gcc/avr/4.3.3/avr5\libgcc.a(_copy_data.o)
 .bss           0x0080018a        0x0 f:/embedded system/nti/imt_sdk_win_64/imt_sdk_win_64/winavr/bin/../lib/gcc/avr/4.3.3/avr5\libgcc.a(_clear_bss.o)
 .bss           0x0080018a        0x0 f:/embedded system/nti/imt_sdk_win_64/imt_sdk_win_64/winavr/bin/../lib/gcc/avr/4.3.3/avr5\libgcc.a(_fixunssfsi.o)
 .bss           0x0080018a        0x0 f:/embedded system/nti/imt_sdk_win_64/imt_sdk_win_64/winavr/bin/../lib/gcc/avr/4.3.3/avr5\libgcc.a(_addsub_sf.o)
 .bss           0x0080018a        0x0 f:/embedded system/nti/imt_sdk_win_64/imt_sdk_win_64/winavr/bin/../lib/gcc/avr/4.3.3/avr5\libgcc.a(_mul_sf.o)
 .bss           0x0080018a        0x0 f:/embedded system/nti/imt_sdk_win_64/imt_sdk_win_64/winavr/bin/../lib/gcc/avr/4.3.3/avr5\libgcc.a(_div_sf.o)
 .bss           0x0080018a        0x0 f:/embedded system/nti/imt_sdk_win_64/imt_sdk_win_64/winavr/bin/../lib/gcc/avr/4.3.3/avr5\libgcc.a(_eq_sf.o)
 .bss           0x0080018a        0x0 f:/embedded system/nti/imt_sdk_win_64/imt_sdk_win_64/winavr/bin/../lib/gcc/avr/4.3.3/avr5\libgcc.a(_gt_sf.o)
 .bss           0x0080018a        0x0 f:/embedded system/nti/imt_sdk_win_64/imt_sdk_win_64/winavr/bin/../lib/gcc/avr/4.3.3/avr5\libgcc.a(_ge_sf.o)
 .bss           0x0080018a        0x0 f:/embedded system/nti/imt_sdk_win_64/imt_sdk_win_64/winavr/bin/../lib/gcc/avr/4.3.3/avr5\libgcc.a(_lt_sf.o)
 .bss           0x0080018a        0x0 f:/embedded system/nti/imt_sdk_win_64/imt_sdk_win_64/winavr/bin/../lib/gcc/avr/4.3.3/avr5\libgcc.a(_le_sf.o)
 .bss           0x0080018a        0x0 f:/embedded system/nti/imt_sdk_win_64/imt_sdk_win_64/winavr/bin/../lib/gcc/avr/4.3.3/avr5\libgcc.a(_si_to_sf.o)
 .bss           0x0080018a        0x0 f:/embedded system/nti/imt_sdk_win_64/imt_sdk_win_64/winavr/bin/../lib/gcc/avr/4.3.3/avr5\libgcc.a(_sf_to_si.o)
 .bss           0x0080018a        0x0 f:/embedded system/nti/imt_sdk_win_64/imt_sdk_win_64/winavr/bin/../lib/gcc/avr/4.3.3/avr5\libgcc.a(_thenan_sf.o)
 .bss           0x0080018a        0x0 f:/embedded system/nti/imt_sdk_win_64/imt_sdk_win_64/winavr/bin/../lib/gcc/avr/4.3.3/avr5\libgcc.a(_prologue.o)
 .bss           0x0080018a        0x0 f:/embedded system/nti/imt_sdk_win_64/imt_sdk_win_64/winavr/bin/../lib/gcc/avr/4.3.3/avr5\libgcc.a(_epilogue.o)
 .bss           0x0080018a        0x0 f:/embedded system/nti/imt_sdk_win_64/imt_sdk_win_64/winavr/bin/../lib/gcc/avr/4.3.3/avr5\libgcc.a(_clzsi2.o)
 .bss           0x0080018a        0x0 f:/embedded system/nti/imt_sdk_win_64/imt_sdk_win_64/winavr/bin/../lib/gcc/avr/4.3.3/avr5\libgcc.a(_pack_sf.o)
 .bss           0x0080018a        0x0 f:/embedded system/nti/imt_sdk_win_64/imt_sdk_win_64/winavr/bin/../lib/gcc/avr/4.3.3/avr5\libgcc.a(_unpack_sf.o)
 .bss           0x0080018a        0x0 f:/embedded system/nti/imt_sdk_win_64/imt_sdk_win_64/winavr/bin/../lib/gcc/avr/4.3.3/avr5\libgcc.a(_fpcmp_parts_sf.o)
 .bss           0x0080018a        0x0 f:/embedded system/nti/imt_sdk_win_64/imt_sdk_win_64/winavr/bin/../lib/gcc/avr/4.3.3/avr5\libgcc.a(_clz.o)
 *(.bss*)
 .bss.ADC_Callback
                0x0080018a        0x2 ./ADC_Prog.o
 .bss.CallBackPtr
                0x0080018c        0x2 ./EXTI_Prog.o
 .bss.CallBackPtr_1
                0x0080018e        0x2 ./EXTI_Prog.o
 .bss.CallBackPtr_2
                0x00800190        0x2 ./EXTI_Prog.o
 .bss.data_arr  0x00800192       0x20 ./LCD_prog.o
 .bss.count_num
                0x008001b2        0x1 ./LCD_prog.o
 .bss.ptr       0x008001b3        0x2 ./SPI_program.o
 .bss.TIMERS_pvCallBackFunc
                0x008001b5       0x20 ./TIMER_program.o
 .bss.GlobalPTFCTCcallback_rx
                0x008001d5        0x2 ./UART_Prog.o
                0x008001d5                GlobalPTFCTCcallback_rx
 .bss.GlobalPTFCTCcallback_tx
                0x008001d7        0x2 ./UART_Prog.o
                0x008001d7                GlobalPTFCTCcallback_tx
 .bss.GlobalPTFCTCcallback_Empty_Regester
                0x008001d9        0x2 ./UART_Prog.o
                0x008001d9                GlobalPTFCTCcallback_Empty_Regester
 .bss.PTR_TO_RECEIVED_DATA
                0x008001db        0x2 ./UART_Prog.o
                0x008001db                PTR_TO_RECEIVED_DATA
 .bss.Score1    0x008001dd        0x1 ./main.o
                0x008001dd                Score1
 .bss.Score2    0x008001de        0x1 ./main.o
                0x008001de                Score2
 *(COMMON)
 COMMON         0x008001df        0x2 ./SPI_program.o
                0x008001df                call_back
                0x008001e1                PROVIDE (__bss_end, .)
                0x00007756                __data_load_start = LOADADDR (.data)
                0x00007880                __data_load_end = (__data_load_start + SIZEOF (.data))

.noinit         0x008001e1        0x0
                0x008001e1                PROVIDE (__noinit_start, .)
 *(.noinit*)
                0x008001e1                PROVIDE (__noinit_end, .)
                0x008001e1                _end = .
                0x008001e1                PROVIDE (__heap_start, .)

.eeprom         0x00810000        0x0
 *(.eeprom*)
                0x00810000                __eeprom_end = .

.fuse
 *(.fuse)
 *(.lfuse)
 *(.hfuse)
 *(.efuse)

.lock
 *(.lock*)

.signature
 *(.signature*)

.stab           0x00000000     0x6e40
 *(.stab)
 .stab          0x00000000      0x390 ./ADC_Prog.o
 .stab          0x00000390      0x3c0 ./DC_MOTOR_program.o
                                0x450 (size before relaxing)
 .stab          0x00000750      0x4f8 ./DIO_prog.o
                                0x588 (size before relaxing)
 .stab          0x00000c48      0x4ec ./EEPROM_program.o
                                0x564 (size before relaxing)
 .stab          0x00001134      0x600 ./EXTI_Prog.o
                                0x690 (size before relaxing)
 .stab          0x00001734      0x150 ./Interrupt_prog.o
                                0x1e0 (size before relaxing)
 .stab          0x00001884     0x1dd0 ./LCD_prog.o
                               0x1fec (size before relaxing)
 .stab          0x00003654      0x774 ./PWM_Prog.o
                                0x804 (size before relaxing)
 .stab          0x00003dc8      0x3c0 ./SPI_program.o
                                0x450 (size before relaxing)
 .stab          0x00004188      0x1bc ./Servo_Program.o
                                0x24c (size before relaxing)
 .stab          0x00004344      0x360 ./Sevev_Seg_Prog.o
                                0x3f0 (size before relaxing)
 .stab          0x000046a4      0xa14 ./TIMER_program.o
                                0xaa4 (size before relaxing)
 .stab          0x000050b8      0x78c ./TWI_Prog.o
                                0x840 (size before relaxing)
 .stab          0x00005844      0x588 ./UART_Prog.o
                                0x618 (size before relaxing)
 .stab          0x00005dcc      0x1bc ./WDT_Prog.o
                                0x24c (size before relaxing)
 .stab          0x00005f88      0x4d4 ./keypad_prog.o
                                0x6f0 (size before relaxing)
 .stab          0x0000645c      0x9e4 ./main.o
                                0xc00 (size before relaxing)

.stabstr        0x00000000     0x2271
 *(.stabstr)
 .stabstr       0x00000000     0x2271 ./ADC_Prog.o

.stab.excl
 *(.stab.excl)

.stab.exclstr
 *(.stab.exclstr)

.stab.index
 *(.stab.index)

.stab.indexstr
 *(.stab.indexstr)

.comment
 *(.comment)

.debug
 *(.debug)

.line
 *(.line)

.debug_srcinfo
 *(.debug_srcinfo)

.debug_sfnames
 *(.debug_sfnames)

.debug_aranges  0x00000000      0x1e0
 *(.debug_aranges)
 .debug_aranges
                0x00000000       0x20 f:/embedded system/nti/imt_sdk_win_64/imt_sdk_win_64/winavr/bin/../lib/gcc/avr/4.3.3/avr5\libgcc.a(_fixunssfsi.o)
 .debug_aranges
                0x00000020       0x20 f:/embedded system/nti/imt_sdk_win_64/imt_sdk_win_64/winavr/bin/../lib/gcc/avr/4.3.3/avr5\libgcc.a(_addsub_sf.o)
 .debug_aranges
                0x00000040       0x20 f:/embedded system/nti/imt_sdk_win_64/imt_sdk_win_64/winavr/bin/../lib/gcc/avr/4.3.3/avr5\libgcc.a(_mul_sf.o)
 .debug_aranges
                0x00000060       0x20 f:/embedded system/nti/imt_sdk_win_64/imt_sdk_win_64/winavr/bin/../lib/gcc/avr/4.3.3/avr5\libgcc.a(_div_sf.o)
 .debug_aranges
                0x00000080       0x20 f:/embedded system/nti/imt_sdk_win_64/imt_sdk_win_64/winavr/bin/../lib/gcc/avr/4.3.3/avr5\libgcc.a(_eq_sf.o)
 .debug_aranges
                0x000000a0       0x20 f:/embedded system/nti/imt_sdk_win_64/imt_sdk_win_64/winavr/bin/../lib/gcc/avr/4.3.3/avr5\libgcc.a(_gt_sf.o)
 .debug_aranges
                0x000000c0       0x20 f:/embedded system/nti/imt_sdk_win_64/imt_sdk_win_64/winavr/bin/../lib/gcc/avr/4.3.3/avr5\libgcc.a(_ge_sf.o)
 .debug_aranges
                0x000000e0       0x20 f:/embedded system/nti/imt_sdk_win_64/imt_sdk_win_64/winavr/bin/../lib/gcc/avr/4.3.3/avr5\libgcc.a(_lt_sf.o)
 .debug_aranges
                0x00000100       0x20 f:/embedded system/nti/imt_sdk_win_64/imt_sdk_win_64/winavr/bin/../lib/gcc/avr/4.3.3/avr5\libgcc.a(_le_sf.o)
 .debug_aranges
                0x00000120       0x20 f:/embedded system/nti/imt_sdk_win_64/imt_sdk_win_64/winavr/bin/../lib/gcc/avr/4.3.3/avr5\libgcc.a(_si_to_sf.o)
 .debug_aranges
                0x00000140       0x20 f:/embedded system/nti/imt_sdk_win_64/imt_sdk_win_64/winavr/bin/../lib/gcc/avr/4.3.3/avr5\libgcc.a(_sf_to_si.o)
 .debug_aranges
                0x00000160       0x20 f:/embedded system/nti/imt_sdk_win_64/imt_sdk_win_64/winavr/bin/../lib/gcc/avr/4.3.3/avr5\libgcc.a(_clzsi2.o)
 .debug_aranges
                0x00000180       0x20 f:/embedded system/nti/imt_sdk_win_64/imt_sdk_win_64/winavr/bin/../lib/gcc/avr/4.3.3/avr5\libgcc.a(_pack_sf.o)
 .debug_aranges
                0x000001a0       0x20 f:/embedded system/nti/imt_sdk_win_64/imt_sdk_win_64/winavr/bin/../lib/gcc/avr/4.3.3/avr5\libgcc.a(_unpack_sf.o)
 .debug_aranges
                0x000001c0       0x20 f:/embedded system/nti/imt_sdk_win_64/imt_sdk_win_64/winavr/bin/../lib/gcc/avr/4.3.3/avr5\libgcc.a(_fpcmp_parts_sf.o)

.debug_pubnames
                0x00000000      0x22c
 *(.debug_pubnames)
 .debug_pubnames
                0x00000000       0x23 f:/embedded system/nti/imt_sdk_win_64/imt_sdk_win_64/winavr/bin/../lib/gcc/avr/4.3.3/avr5\libgcc.a(_fixunssfsi.o)
 .debug_pubnames
                0x00000023       0x2c f:/embedded system/nti/imt_sdk_win_64/imt_sdk_win_64/winavr/bin/../lib/gcc/avr/4.3.3/avr5\libgcc.a(_addsub_sf.o)
 .debug_pubnames
                0x0000004f       0x1f f:/embedded system/nti/imt_sdk_win_64/imt_sdk_win_64/winavr/bin/../lib/gcc/avr/4.3.3/avr5\libgcc.a(_mul_sf.o)
 .debug_pubnames
                0x0000006e       0x1f f:/embedded system/nti/imt_sdk_win_64/imt_sdk_win_64/winavr/bin/../lib/gcc/avr/4.3.3/avr5\libgcc.a(_div_sf.o)
 .debug_pubnames
                0x0000008d       0x1e f:/embedded system/nti/imt_sdk_win_64/imt_sdk_win_64/winavr/bin/../lib/gcc/avr/4.3.3/avr5\libgcc.a(_eq_sf.o)
 .debug_pubnames
                0x000000ab       0x1e f:/embedded system/nti/imt_sdk_win_64/imt_sdk_win_64/winavr/bin/../lib/gcc/avr/4.3.3/avr5\libgcc.a(_gt_sf.o)
 .debug_pubnames
                0x000000c9       0x1e f:/embedded system/nti/imt_sdk_win_64/imt_sdk_win_64/winavr/bin/../lib/gcc/avr/4.3.3/avr5\libgcc.a(_ge_sf.o)
 .debug_pubnames
                0x000000e7       0x1e f:/embedded system/nti/imt_sdk_win_64/imt_sdk_win_64/winavr/bin/../lib/gcc/avr/4.3.3/avr5\libgcc.a(_lt_sf.o)
 .debug_pubnames
                0x00000105       0x1e f:/embedded system/nti/imt_sdk_win_64/imt_sdk_win_64/winavr/bin/../lib/gcc/avr/4.3.3/avr5\libgcc.a(_le_sf.o)
 .debug_pubnames
                0x00000123       0x22 f:/embedded system/nti/imt_sdk_win_64/imt_sdk_win_64/winavr/bin/../lib/gcc/avr/4.3.3/avr5\libgcc.a(_si_to_sf.o)
 .debug_pubnames
                0x00000145       0x20 f:/embedded system/nti/imt_sdk_win_64/imt_sdk_win_64/winavr/bin/../lib/gcc/avr/4.3.3/avr5\libgcc.a(_sf_to_si.o)
 .debug_pubnames
                0x00000165       0x22 f:/embedded system/nti/imt_sdk_win_64/imt_sdk_win_64/winavr/bin/../lib/gcc/avr/4.3.3/avr5\libgcc.a(_thenan_sf.o)
 .debug_pubnames
                0x00000187       0x1f f:/embedded system/nti/imt_sdk_win_64/imt_sdk_win_64/winavr/bin/../lib/gcc/avr/4.3.3/avr5\libgcc.a(_clzsi2.o)
 .debug_pubnames
                0x000001a6       0x1f f:/embedded system/nti/imt_sdk_win_64/imt_sdk_win_64/winavr/bin/../lib/gcc/avr/4.3.3/avr5\libgcc.a(_pack_sf.o)
 .debug_pubnames
                0x000001c5       0x21 f:/embedded system/nti/imt_sdk_win_64/imt_sdk_win_64/winavr/bin/../lib/gcc/avr/4.3.3/avr5\libgcc.a(_unpack_sf.o)
 .debug_pubnames
                0x000001e6       0x26 f:/embedded system/nti/imt_sdk_win_64/imt_sdk_win_64/winavr/bin/../lib/gcc/avr/4.3.3/avr5\libgcc.a(_fpcmp_parts_sf.o)
 .debug_pubnames
                0x0000020c       0x20 f:/embedded system/nti/imt_sdk_win_64/imt_sdk_win_64/winavr/bin/../lib/gcc/avr/4.3.3/avr5\libgcc.a(_clz.o)

.debug_info     0x00000000     0x290a
 *(.debug_info)
 .debug_info    0x00000000       0xb1 f:/embedded system/nti/imt_sdk_win_64/imt_sdk_win_64/winavr/bin/../lib/gcc/avr/4.3.3/avr5\libgcc.a(_fixunssfsi.o)
 .debug_info    0x000000b1      0x47a f:/embedded system/nti/imt_sdk_win_64/imt_sdk_win_64/winavr/bin/../lib/gcc/avr/4.3.3/avr5\libgcc.a(_addsub_sf.o)
 .debug_info    0x0000052b      0x485 f:/embedded system/nti/imt_sdk_win_64/imt_sdk_win_64/winavr/bin/../lib/gcc/avr/4.3.3/avr5\libgcc.a(_mul_sf.o)
 .debug_info    0x000009b0      0x3fc f:/embedded system/nti/imt_sdk_win_64/imt_sdk_win_64/winavr/bin/../lib/gcc/avr/4.3.3/avr5\libgcc.a(_div_sf.o)
 .debug_info    0x00000dac      0x27f f:/embedded system/nti/imt_sdk_win_64/imt_sdk_win_64/winavr/bin/../lib/gcc/avr/4.3.3/avr5\libgcc.a(_eq_sf.o)
 .debug_info    0x0000102b      0x27f f:/embedded system/nti/imt_sdk_win_64/imt_sdk_win_64/winavr/bin/../lib/gcc/avr/4.3.3/avr5\libgcc.a(_gt_sf.o)
 .debug_info    0x000012aa      0x27f f:/embedded system/nti/imt_sdk_win_64/imt_sdk_win_64/winavr/bin/../lib/gcc/avr/4.3.3/avr5\libgcc.a(_ge_sf.o)
 .debug_info    0x00001529      0x27f f:/embedded system/nti/imt_sdk_win_64/imt_sdk_win_64/winavr/bin/../lib/gcc/avr/4.3.3/avr5\libgcc.a(_lt_sf.o)
 .debug_info    0x000017a8      0x27f f:/embedded system/nti/imt_sdk_win_64/imt_sdk_win_64/winavr/bin/../lib/gcc/avr/4.3.3/avr5\libgcc.a(_le_sf.o)
 .debug_info    0x00001a27      0x207 f:/embedded system/nti/imt_sdk_win_64/imt_sdk_win_64/winavr/bin/../lib/gcc/avr/4.3.3/avr5\libgcc.a(_si_to_sf.o)
 .debug_info    0x00001c2e      0x2b0 f:/embedded system/nti/imt_sdk_win_64/imt_sdk_win_64/winavr/bin/../lib/gcc/avr/4.3.3/avr5\libgcc.a(_sf_to_si.o)
 .debug_info    0x00001ede      0x12c f:/embedded system/nti/imt_sdk_win_64/imt_sdk_win_64/winavr/bin/../lib/gcc/avr/4.3.3/avr5\libgcc.a(_thenan_sf.o)
 .debug_info    0x0000200a      0x117 f:/embedded system/nti/imt_sdk_win_64/imt_sdk_win_64/winavr/bin/../lib/gcc/avr/4.3.3/avr5\libgcc.a(_clzsi2.o)
 .debug_info    0x00002121      0x2df f:/embedded system/nti/imt_sdk_win_64/imt_sdk_win_64/winavr/bin/../lib/gcc/avr/4.3.3/avr5\libgcc.a(_pack_sf.o)
 .debug_info    0x00002400      0x251 f:/embedded system/nti/imt_sdk_win_64/imt_sdk_win_64/winavr/bin/../lib/gcc/avr/4.3.3/avr5\libgcc.a(_unpack_sf.o)
 .debug_info    0x00002651      0x210 f:/embedded system/nti/imt_sdk_win_64/imt_sdk_win_64/winavr/bin/../lib/gcc/avr/4.3.3/avr5\libgcc.a(_fpcmp_parts_sf.o)
 .debug_info    0x00002861       0xa9 f:/embedded system/nti/imt_sdk_win_64/imt_sdk_win_64/winavr/bin/../lib/gcc/avr/4.3.3/avr5\libgcc.a(_clz.o)
 *(.gnu.linkonce.wi.*)

.debug_abbrev   0x00000000     0x162b
 *(.debug_abbrev)
 .debug_abbrev  0x00000000       0x5d f:/embedded system/nti/imt_sdk_win_64/imt_sdk_win_64/winavr/bin/../lib/gcc/avr/4.3.3/avr5\libgcc.a(_fixunssfsi.o)
 .debug_abbrev  0x0000005d      0x1ea f:/embedded system/nti/imt_sdk_win_64/imt_sdk_win_64/winavr/bin/../lib/gcc/avr/4.3.3/avr5\libgcc.a(_addsub_sf.o)
 .debug_abbrev  0x00000247      0x21b f:/embedded system/nti/imt_sdk_win_64/imt_sdk_win_64/winavr/bin/../lib/gcc/avr/4.3.3/avr5\libgcc.a(_mul_sf.o)
 .debug_abbrev  0x00000462      0x216 f:/embedded system/nti/imt_sdk_win_64/imt_sdk_win_64/winavr/bin/../lib/gcc/avr/4.3.3/avr5\libgcc.a(_div_sf.o)
 .debug_abbrev  0x00000678      0x15a f:/embedded system/nti/imt_sdk_win_64/imt_sdk_win_64/winavr/bin/../lib/gcc/avr/4.3.3/avr5\libgcc.a(_eq_sf.o)
 .debug_abbrev  0x000007d2      0x15a f:/embedded system/nti/imt_sdk_win_64/imt_sdk_win_64/winavr/bin/../lib/gcc/avr/4.3.3/avr5\libgcc.a(_gt_sf.o)
 .debug_abbrev  0x0000092c      0x15a f:/embedded system/nti/imt_sdk_win_64/imt_sdk_win_64/winavr/bin/../lib/gcc/avr/4.3.3/avr5\libgcc.a(_ge_sf.o)
 .debug_abbrev  0x00000a86      0x15a f:/embedded system/nti/imt_sdk_win_64/imt_sdk_win_64/winavr/bin/../lib/gcc/avr/4.3.3/avr5\libgcc.a(_lt_sf.o)
 .debug_abbrev  0x00000be0      0x15a f:/embedded system/nti/imt_sdk_win_64/imt_sdk_win_64/winavr/bin/../lib/gcc/avr/4.3.3/avr5\libgcc.a(_le_sf.o)
 .debug_abbrev  0x00000d3a      0x148 f:/embedded system/nti/imt_sdk_win_64/imt_sdk_win_64/winavr/bin/../lib/gcc/avr/4.3.3/avr5\libgcc.a(_si_to_sf.o)
 .debug_abbrev  0x00000e82      0x17f f:/embedded system/nti/imt_sdk_win_64/imt_sdk_win_64/winavr/bin/../lib/gcc/avr/4.3.3/avr5\libgcc.a(_sf_to_si.o)
 .debug_abbrev  0x00001001       0xad f:/embedded system/nti/imt_sdk_win_64/imt_sdk_win_64/winavr/bin/../lib/gcc/avr/4.3.3/avr5\libgcc.a(_thenan_sf.o)
 .debug_abbrev  0x000010ae       0xc4 f:/embedded system/nti/imt_sdk_win_64/imt_sdk_win_64/winavr/bin/../lib/gcc/avr/4.3.3/avr5\libgcc.a(_clzsi2.o)
 .debug_abbrev  0x00001172      0x1c0 f:/embedded system/nti/imt_sdk_win_64/imt_sdk_win_64/winavr/bin/../lib/gcc/avr/4.3.3/avr5\libgcc.a(_pack_sf.o)
 .debug_abbrev  0x00001332      0x154 f:/embedded system/nti/imt_sdk_win_64/imt_sdk_win_64/winavr/bin/../lib/gcc/avr/4.3.3/avr5\libgcc.a(_unpack_sf.o)
 .debug_abbrev  0x00001486      0x13b f:/embedded system/nti/imt_sdk_win_64/imt_sdk_win_64/winavr/bin/../lib/gcc/avr/4.3.3/avr5\libgcc.a(_fpcmp_parts_sf.o)
 .debug_abbrev  0x000015c1       0x6a f:/embedded system/nti/imt_sdk_win_64/imt_sdk_win_64/winavr/bin/../lib/gcc/avr/4.3.3/avr5\libgcc.a(_clz.o)

.debug_line     0x00000000     0x137e
 *(.debug_line)
 .debug_line    0x00000000       0xa7 f:/embedded system/nti/imt_sdk_win_64/imt_sdk_win_64/winavr/bin/../lib/gcc/avr/4.3.3/avr5\libgcc.a(_fixunssfsi.o)
 .debug_line    0x000000a7      0x2af f:/embedded system/nti/imt_sdk_win_64/imt_sdk_win_64/winavr/bin/../lib/gcc/avr/4.3.3/avr5\libgcc.a(_addsub_sf.o)
 .debug_line    0x00000356      0x239 f:/embedded system/nti/imt_sdk_win_64/imt_sdk_win_64/winavr/bin/../lib/gcc/avr/4.3.3/avr5\libgcc.a(_mul_sf.o)
 .debug_line    0x0000058f      0x1d5 f:/embedded system/nti/imt_sdk_win_64/imt_sdk_win_64/winavr/bin/../lib/gcc/avr/4.3.3/avr5\libgcc.a(_div_sf.o)
 .debug_line    0x00000764       0xd3 f:/embedded system/nti/imt_sdk_win_64/imt_sdk_win_64/winavr/bin/../lib/gcc/avr/4.3.3/avr5\libgcc.a(_eq_sf.o)
 .debug_line    0x00000837       0xd3 f:/embedded system/nti/imt_sdk_win_64/imt_sdk_win_64/winavr/bin/../lib/gcc/avr/4.3.3/avr5\libgcc.a(_gt_sf.o)
 .debug_line    0x0000090a       0xd3 f:/embedded system/nti/imt_sdk_win_64/imt_sdk_win_64/winavr/bin/../lib/gcc/avr/4.3.3/avr5\libgcc.a(_ge_sf.o)
 .debug_line    0x000009dd       0xd3 f:/embedded system/nti/imt_sdk_win_64/imt_sdk_win_64/winavr/bin/../lib/gcc/avr/4.3.3/avr5\libgcc.a(_lt_sf.o)
 .debug_line    0x00000ab0       0xd3 f:/embedded system/nti/imt_sdk_win_64/imt_sdk_win_64/winavr/bin/../lib/gcc/avr/4.3.3/avr5\libgcc.a(_le_sf.o)
 .debug_line    0x00000b83      0x135 f:/embedded system/nti/imt_sdk_win_64/imt_sdk_win_64/winavr/bin/../lib/gcc/avr/4.3.3/avr5\libgcc.a(_si_to_sf.o)
 .debug_line    0x00000cb8      0x109 f:/embedded system/nti/imt_sdk_win_64/imt_sdk_win_64/winavr/bin/../lib/gcc/avr/4.3.3/avr5\libgcc.a(_sf_to_si.o)
 .debug_line    0x00000dc1       0x90 f:/embedded system/nti/imt_sdk_win_64/imt_sdk_win_64/winavr/bin/../lib/gcc/avr/4.3.3/avr5\libgcc.a(_thenan_sf.o)
 .debug_line    0x00000e51       0xa5 f:/embedded system/nti/imt_sdk_win_64/imt_sdk_win_64/winavr/bin/../lib/gcc/avr/4.3.3/avr5\libgcc.a(_clzsi2.o)
 .debug_line    0x00000ef6      0x18a f:/embedded system/nti/imt_sdk_win_64/imt_sdk_win_64/winavr/bin/../lib/gcc/avr/4.3.3/avr5\libgcc.a(_pack_sf.o)
 .debug_line    0x00001080      0x14b f:/embedded system/nti/imt_sdk_win_64/imt_sdk_win_64/winavr/bin/../lib/gcc/avr/4.3.3/avr5\libgcc.a(_unpack_sf.o)
 .debug_line    0x000011cb      0x137 f:/embedded system/nti/imt_sdk_win_64/imt_sdk_win_64/winavr/bin/../lib/gcc/avr/4.3.3/avr5\libgcc.a(_fpcmp_parts_sf.o)
 .debug_line    0x00001302       0x7c f:/embedded system/nti/imt_sdk_win_64/imt_sdk_win_64/winavr/bin/../lib/gcc/avr/4.3.3/avr5\libgcc.a(_clz.o)

.debug_frame    0x00000000      0x200
 *(.debug_frame)
 .debug_frame   0x00000000       0x20 f:/embedded system/nti/imt_sdk_win_64/imt_sdk_win_64/winavr/bin/../lib/gcc/avr/4.3.3/avr5\libgcc.a(_fixunssfsi.o)
 .debug_frame   0x00000020       0x40 f:/embedded system/nti/imt_sdk_win_64/imt_sdk_win_64/winavr/bin/../lib/gcc/avr/4.3.3/avr5\libgcc.a(_addsub_sf.o)
 .debug_frame   0x00000060       0x20 f:/embedded system/nti/imt_sdk_win_64/imt_sdk_win_64/winavr/bin/../lib/gcc/avr/4.3.3/avr5\libgcc.a(_mul_sf.o)
 .debug_frame   0x00000080       0x20 f:/embedded system/nti/imt_sdk_win_64/imt_sdk_win_64/winavr/bin/../lib/gcc/avr/4.3.3/avr5\libgcc.a(_div_sf.o)
 .debug_frame   0x000000a0       0x20 f:/embedded system/nti/imt_sdk_win_64/imt_sdk_win_64/winavr/bin/../lib/gcc/avr/4.3.3/avr5\libgcc.a(_eq_sf.o)
 .debug_frame   0x000000c0       0x20 f:/embedded system/nti/imt_sdk_win_64/imt_sdk_win_64/winavr/bin/../lib/gcc/avr/4.3.3/avr5\libgcc.a(_gt_sf.o)
 .debug_frame   0x000000e0       0x20 f:/embedded system/nti/imt_sdk_win_64/imt_sdk_win_64/winavr/bin/../lib/gcc/avr/4.3.3/avr5\libgcc.a(_ge_sf.o)
 .debug_frame   0x00000100       0x20 f:/embedded system/nti/imt_sdk_win_64/imt_sdk_win_64/winavr/bin/../lib/gcc/avr/4.3.3/avr5\libgcc.a(_lt_sf.o)
 .debug_frame   0x00000120       0x20 f:/embedded system/nti/imt_sdk_win_64/imt_sdk_win_64/winavr/bin/../lib/gcc/avr/4.3.3/avr5\libgcc.a(_le_sf.o)
 .debug_frame   0x00000140       0x20 f:/embedded system/nti/imt_sdk_win_64/imt_sdk_win_64/winavr/bin/../lib/gcc/avr/4.3.3/avr5\libgcc.a(_si_to_sf.o)
 .debug_frame   0x00000160       0x20 f:/embedded system/nti/imt_sdk_win_64/imt_sdk_win_64/winavr/bin/../lib/gcc/avr/4.3.3/avr5\libgcc.a(_sf_to_si.o)
 .debug_frame   0x00000180       0x20 f:/embedded system/nti/imt_sdk_win_64/imt_sdk_win_64/winavr/bin/../lib/gcc/avr/4.3.3/avr5\libgcc.a(_clzsi2.o)
 .debug_frame   0x000001a0       0x20 f:/embedded system/nti/imt_sdk_win_64/imt_sdk_win_64/winavr/bin/../lib/gcc/avr/4.3.3/avr5\libgcc.a(_pack_sf.o)
 .debug_frame   0x000001c0       0x20 f:/embedded system/nti/imt_sdk_win_64/imt_sdk_win_64/winavr/bin/../lib/gcc/avr/4.3.3/avr5\libgcc.a(_unpack_sf.o)
 .debug_frame   0x000001e0       0x20 f:/embedded system/nti/imt_sdk_win_64/imt_sdk_win_64/winavr/bin/../lib/gcc/avr/4.3.3/avr5\libgcc.a(_fpcmp_parts_sf.o)

.debug_str      0x00000000      0x303
 *(.debug_str)
 .debug_str     0x00000000       0xbf f:/embedded system/nti/imt_sdk_win_64/imt_sdk_win_64/winavr/bin/../lib/gcc/avr/4.3.3/avr5\libgcc.a(_fixunssfsi.o)
                                 0xfe (size before relaxing)
 .debug_str     0x000000bf      0x14d f:/embedded system/nti/imt_sdk_win_64/imt_sdk_win_64/winavr/bin/../lib/gcc/avr/4.3.3/avr5\libgcc.a(_addsub_sf.o)
                                0x206 (size before relaxing)
 .debug_str     0x0000020c       0x27 f:/embedded system/nti/imt_sdk_win_64/imt_sdk_win_64/winavr/bin/../lib/gcc/avr/4.3.3/avr5\libgcc.a(_mul_sf.o)
                                0x1bf (size before relaxing)
 .debug_str     0x00000233       0x35 f:/embedded system/nti/imt_sdk_win_64/imt_sdk_win_64/winavr/bin/../lib/gcc/avr/4.3.3/avr5\libgcc.a(_div_sf.o)
                                0x1c8 (size before relaxing)
 .debug_str     0x00000268        0x8 f:/embedded system/nti/imt_sdk_win_64/imt_sdk_win_64/winavr/bin/../lib/gcc/avr/4.3.3/avr5\libgcc.a(_eq_sf.o)
                                0x195 (size before relaxing)
 .debug_str     0x00000270        0x8 f:/embedded system/nti/imt_sdk_win_64/imt_sdk_win_64/winavr/bin/../lib/gcc/avr/4.3.3/avr5\libgcc.a(_gt_sf.o)
                                0x195 (size before relaxing)
 .debug_str     0x00000278        0x8 f:/embedded system/nti/imt_sdk_win_64/imt_sdk_win_64/winavr/bin/../lib/gcc/avr/4.3.3/avr5\libgcc.a(_ge_sf.o)
                                0x195 (size before relaxing)
 .debug_str     0x00000280        0x8 f:/embedded system/nti/imt_sdk_win_64/imt_sdk_win_64/winavr/bin/../lib/gcc/avr/4.3.3/avr5\libgcc.a(_lt_sf.o)
                                0x195 (size before relaxing)
 .debug_str     0x00000288        0x8 f:/embedded system/nti/imt_sdk_win_64/imt_sdk_win_64/winavr/bin/../lib/gcc/avr/4.3.3/avr5\libgcc.a(_le_sf.o)
                                0x195 (size before relaxing)
 .debug_str     0x00000290       0x1e f:/embedded system/nti/imt_sdk_win_64/imt_sdk_win_64/winavr/bin/../lib/gcc/avr/4.3.3/avr5\libgcc.a(_si_to_sf.o)
                                0x17b (size before relaxing)
 .debug_str     0x000002ae        0xa f:/embedded system/nti/imt_sdk_win_64/imt_sdk_win_64/winavr/bin/../lib/gcc/avr/4.3.3/avr5\libgcc.a(_sf_to_si.o)
                                0x19e (size before relaxing)
 .debug_str     0x00000000      0x103 f:/embedded system/nti/imt_sdk_win_64/imt_sdk_win_64/winavr/bin/../lib/gcc/avr/4.3.3/avr5\libgcc.a(_thenan_sf.o)
 .debug_str     0x000002b8       0x20 f:/embedded system/nti/imt_sdk_win_64/imt_sdk_win_64/winavr/bin/../lib/gcc/avr/4.3.3/avr5\libgcc.a(_clzsi2.o)
                                0x111 (size before relaxing)
 .debug_str     0x000002d8       0x10 f:/embedded system/nti/imt_sdk_win_64/imt_sdk_win_64/winavr/bin/../lib/gcc/avr/4.3.3/avr5\libgcc.a(_pack_sf.o)
                                0x19d (size before relaxing)
 .debug_str     0x000002e8        0xb f:/embedded system/nti/imt_sdk_win_64/imt_sdk_win_64/winavr/bin/../lib/gcc/avr/4.3.3/avr5\libgcc.a(_unpack_sf.o)
                                0x17f (size before relaxing)
 .debug_str     0x000002f3       0x10 f:/embedded system/nti/imt_sdk_win_64/imt_sdk_win_64/winavr/bin/../lib/gcc/avr/4.3.3/avr5\libgcc.a(_fpcmp_parts_sf.o)
                                0x163 (size before relaxing)
 .debug_str     0x00000000       0xf4 f:/embedded system/nti/imt_sdk_win_64/imt_sdk_win_64/winavr/bin/../lib/gcc/avr/4.3.3/avr5\libgcc.a(_clz.o)

.debug_loc      0x00000000      0xa46
 *(.debug_loc)
 .debug_loc     0x00000000       0x34 f:/embedded system/nti/imt_sdk_win_64/imt_sdk_win_64/winavr/bin/../lib/gcc/avr/4.3.3/avr5\libgcc.a(_fixunssfsi.o)
 .debug_loc     0x00000034      0x32a f:/embedded system/nti/imt_sdk_win_64/imt_sdk_win_64/winavr/bin/../lib/gcc/avr/4.3.3/avr5\libgcc.a(_addsub_sf.o)
 .debug_loc     0x0000035e      0x104 f:/embedded system/nti/imt_sdk_win_64/imt_sdk_win_64/winavr/bin/../lib/gcc/avr/4.3.3/avr5\libgcc.a(_mul_sf.o)
 .debug_loc     0x00000462       0xc0 f:/embedded system/nti/imt_sdk_win_64/imt_sdk_win_64/winavr/bin/../lib/gcc/avr/4.3.3/avr5\libgcc.a(_div_sf.o)
 .debug_loc     0x00000522       0x3c f:/embedded system/nti/imt_sdk_win_64/imt_sdk_win_64/winavr/bin/../lib/gcc/avr/4.3.3/avr5\libgcc.a(_eq_sf.o)
 .debug_loc     0x0000055e       0x3c f:/embedded system/nti/imt_sdk_win_64/imt_sdk_win_64/winavr/bin/../lib/gcc/avr/4.3.3/avr5\libgcc.a(_gt_sf.o)
 .debug_loc     0x0000059a       0x3c f:/embedded system/nti/imt_sdk_win_64/imt_sdk_win_64/winavr/bin/../lib/gcc/avr/4.3.3/avr5\libgcc.a(_ge_sf.o)
 .debug_loc     0x000005d6       0x3c f:/embedded system/nti/imt_sdk_win_64/imt_sdk_win_64/winavr/bin/../lib/gcc/avr/4.3.3/avr5\libgcc.a(_lt_sf.o)
 .debug_loc     0x00000612       0x3c f:/embedded system/nti/imt_sdk_win_64/imt_sdk_win_64/winavr/bin/../lib/gcc/avr/4.3.3/avr5\libgcc.a(_le_sf.o)
 .debug_loc     0x0000064e       0xac f:/embedded system/nti/imt_sdk_win_64/imt_sdk_win_64/winavr/bin/../lib/gcc/avr/4.3.3/avr5\libgcc.a(_si_to_sf.o)
 .debug_loc     0x000006fa       0x7e f:/embedded system/nti/imt_sdk_win_64/imt_sdk_win_64/winavr/bin/../lib/gcc/avr/4.3.3/avr5\libgcc.a(_sf_to_si.o)
 .debug_loc     0x00000778       0x94 f:/embedded system/nti/imt_sdk_win_64/imt_sdk_win_64/winavr/bin/../lib/gcc/avr/4.3.3/avr5\libgcc.a(_clzsi2.o)
 .debug_loc     0x0000080c      0x13e f:/embedded system/nti/imt_sdk_win_64/imt_sdk_win_64/winavr/bin/../lib/gcc/avr/4.3.3/avr5\libgcc.a(_pack_sf.o)
 .debug_loc     0x0000094a       0xac f:/embedded system/nti/imt_sdk_win_64/imt_sdk_win_64/winavr/bin/../lib/gcc/avr/4.3.3/avr5\libgcc.a(_unpack_sf.o)
 .debug_loc     0x000009f6       0x50 f:/embedded system/nti/imt_sdk_win_64/imt_sdk_win_64/winavr/bin/../lib/gcc/avr/4.3.3/avr5\libgcc.a(_fpcmp_parts_sf.o)

.debug_macinfo
 *(.debug_macinfo)
OUTPUT(study_1.elf elf32-avr)
LOAD linker stubs

.debug_ranges   0x00000000       0x50
 .debug_ranges  0x00000000       0x50 f:/embedded system/nti/imt_sdk_win_64/imt_sdk_win_64/winavr/bin/../lib/gcc/avr/4.3.3/avr5\libgcc.a(_mul_sf.o)
